[v0-thinkia-landing-page.vercel.app/index.html]
[v0-thinkia-landing-page.vercel.app/_next/static/media/4f05ba3a6752a328-s.p.woff2]
[v0-thinkia-landing-page.vercel.app/_next/static/media/a1babfd45ff8cabf-s.p.woff2]
[v0-thinkia-landing-page.vercel.app/thinkia-star.png]
[v0-thinkia-landing-page.vercel.app/_next/static/css/7aa261cecc666678.css]
[v0-thinkia-landing-page.vercel.app/_next/static/css/92795360c6c6727c.css]
[v0-thinkia-landing-page.vercel.app/_next/static/chunks/webpack-1617e47c0035b0a2.js]
[v0-thinkia-landing-page.vercel.app/_next/static/chunks/4bd1b696-05e7186cde350658.js]
[v0-thinkia-landing-page.vercel.app/_next/static/chunks/684-03559e6b9fc7debb.js]
[v0-thinkia-landing-page.vercel.app/_next/static/chunks/main-app-c9779a9cf3f89b5e.js]
[v0-thinkia-landing-page.vercel.app/_next/static/chunks/514-657017d7383b343b.js]
[backblue.gif]
[fade.gif]
[index.html]
[v0-thinkia-landing-page.vercel.app/_next/static/chunks/app/page-7f29f4a995b042e7.js]
[v0-thinkia-landing-page.vercel.app/_next/static/chunks/polyfills-42372ed130431b0a.js]
[v0-thinkia-landing-page.vercel.app/thinkia-logo-hq.png]
[v0-thinkia-landing-page.vercel.app/index.html]
[v0-thinkia-landing-page.vercel.app/_next/static/media/b3097673cd409a21-s.woff2]
[v0-thinkia-landing-page.vercel.app/_next/static/media/ca6575bd379d984c-s.woff2]
[v0-thinkia-landing-page.vercel.app/_next/static/media/b72a6a678d511e3a-s.woff2]
[v0-thinkia-landing-page.vercel.app/_next/static/media/e4d5548ffc27f216-s.woff2]
[v0-thinkia-landing-page.vercel.app/_next/static/media/3f69592b2fe603c7-s.woff2]
[v0-thinkia-landing-page.vercel.app/_next/static/media/6325a8417175c41d-s.woff2]
[v0-thinkia-landing-page.vercel.app/_next/static/media/021bc4481ed92ece-s.woff2]
[v0-thinkia-landing-page.vercel.app/_next/static/media/99b7f73d5af7c3e2-s.woff2]
[v0-thinkia-landing-page.vercel.app/_next/static/css/7aa261cecc666678.css]
[v0-thinkia-landing-page.vercel.app/_next/static/css/92795360c6c6727c.css]
